// Jest Snapshot v1, https://goo.gl/fbAQLP

exports[`Navigation component Matches snapshot 1`] = `
Array [
  <div
    className="topBarSpacer"
  />,
  <nav
    className="section"
  >
    <div
      className="topbar container"
    >
      <img
        alt="To home"
        height="30"
        loading="lazy"
        onClick={[Function]}
        onMouseEnter={[Function]}
        src="/favicon-48x48.png"
        width="30"
      />
      <div
        aria-label="Open menu"
        className="hamburger"
        onClick={[Function]}
        role="button"
      >
        <span
          className="part"
        />
        <span
          className="part"
        />
        <span
          className="part"
        />
      </div>
    </div>
    <div
      className="content null container"
    >
      <ul
        className="list"
      >
        <li
          className="listItem"
        >
          <a
            className="link"
            href="/letter/a"
            onClick={[Function]}
            onMouseEnter={[Function]}
          >
            a
          </a>
        </li>
        <li
          className="listItem"
        >
          <a
            className="link"
            href="/letter/a2"
            onClick={[Function]}
            onMouseEnter={[Function]}
          >
            á
          </a>
        </li>
        <li
          className="listItem"
        >
          <a
            className="link"
            href="/letter/b"
            onClick={[Function]}
            onMouseEnter={[Function]}
          >
            b
          </a>
        </li>
        <li
          className="listItem"
        >
          <a
            className="link"
            href="/letter/d"
            onClick={[Function]}
            onMouseEnter={[Function]}
          >
            d
          </a>
        </li>
        <li
          className="listItem"
        >
          <a
            className="link"
            href="/letter/e"
            onClick={[Function]}
            onMouseEnter={[Function]}
          >
            e
          </a>
        </li>
        <li
          className="listItem"
        >
          <a
            className="link"
            href="/letter/e2"
            onClick={[Function]}
            onMouseEnter={[Function]}
          >
            é
          </a>
        </li>
        <li
          className="listItem"
        >
          <a
            className="link"
            href="/letter/f"
            onClick={[Function]}
            onMouseEnter={[Function]}
          >
            f
          </a>
        </li>
        <li
          className="listItem"
        >
          <a
            className="link"
            href="/letter/g"
            onClick={[Function]}
            onMouseEnter={[Function]}
          >
            g
          </a>
        </li>
        <li
          className="listItem"
        >
          <a
            className="link"
            href="/letter/h"
            onClick={[Function]}
            onMouseEnter={[Function]}
          >
            h
          </a>
        </li>
        <li
          className="listItem"
        >
          <a
            className="link"
            href="/letter/i"
            onClick={[Function]}
            onMouseEnter={[Function]}
          >
            i
          </a>
        </li>
        <li
          className="listItem"
        >
          <a
            className="link"
            href="/letter/i2"
            onClick={[Function]}
            onMouseEnter={[Function]}
          >
            í
          </a>
        </li>
        <li
          className="listItem"
        >
          <a
            className="link"
            href="/letter/j"
            onClick={[Function]}
            onMouseEnter={[Function]}
          >
            j
          </a>
        </li>
        <li
          className="listItem"
        >
          <a
            className="link"
            href="/letter/k"
            onClick={[Function]}
            onMouseEnter={[Function]}
          >
            k
          </a>
        </li>
        <li
          className="listItem"
        >
          <a
            className="link"
            href="/letter/l"
            onClick={[Function]}
            onMouseEnter={[Function]}
          >
            l
          </a>
        </li>
        <li
          className="listItem"
        >
          <a
            className="link"
            href="/letter/m"
            onClick={[Function]}
            onMouseEnter={[Function]}
          >
            m
          </a>
        </li>
        <li
          className="listItem"
        >
          <a
            className="link"
            href="/letter/n"
            onClick={[Function]}
            onMouseEnter={[Function]}
          >
            n
          </a>
        </li>
        <li
          className="listItem"
        >
          <a
            className="link"
            href="/letter/o"
            onClick={[Function]}
            onMouseEnter={[Function]}
          >
            o
          </a>
        </li>
        <li
          className="listItem"
        >
          <a
            className="link"
            href="/letter/o2"
            onClick={[Function]}
            onMouseEnter={[Function]}
          >
            ó
          </a>
        </li>
        <li
          className="listItem"
        >
          <a
            className="link"
            href="/letter/p"
            onClick={[Function]}
            onMouseEnter={[Function]}
          >
            p
          </a>
        </li>
        <li
          className="listItem"
        >
          <a
            className="link"
            href="/letter/r"
            onClick={[Function]}
            onMouseEnter={[Function]}
          >
            r
          </a>
        </li>
        <li
          className="listItem"
        >
          <a
            className="link"
            href="/letter/s"
            onClick={[Function]}
            onMouseEnter={[Function]}
          >
            s
          </a>
        </li>
        <li
          className="listItem"
        >
          <a
            className="link"
            href="/letter/t"
            onClick={[Function]}
            onMouseEnter={[Function]}
          >
            t
          </a>
        </li>
        <li
          className="listItem"
        >
          <a
            className="link"
            href="/letter/u"
            onClick={[Function]}
            onMouseEnter={[Function]}
          >
            u
          </a>
        </li>
        <li
          className="listItem"
        >
          <a
            className="link"
            href="/letter/u2"
            onClick={[Function]}
            onMouseEnter={[Function]}
          >
            ú
          </a>
        </li>
        <li
          className="listItem"
        >
          <a
            className="link"
            href="/letter/v"
            onClick={[Function]}
            onMouseEnter={[Function]}
          >
            v
          </a>
        </li>
        <li
          className="listItem"
        >
          <a
            className="link"
            href="/letter/y"
            onClick={[Function]}
            onMouseEnter={[Function]}
          >
            y
          </a>
        </li>
        <li
          className="listItem"
        >
          <a
            className="link"
            href="/letter/y2"
            onClick={[Function]}
            onMouseEnter={[Function]}
          >
            ý
          </a>
        </li>
        <li
          className="listItem"
        >
          <a
            className="link"
            href="/letter/th"
            onClick={[Function]}
            onMouseEnter={[Function]}
          >
            þ
          </a>
        </li>
        <li
          className="listItem"
        >
          <a
            className="link"
            href="/letter/ae"
            onClick={[Function]}
            onMouseEnter={[Function]}
          >
            æ
          </a>
        </li>
        <li
          className="listItem"
        >
          <a
            className="link"
            href="/letter/oe3"
            onClick={[Function]}
            onMouseEnter={[Function]}
          >
            œ
          </a>
        </li>
        <li
          className="listItem"
        >
          <a
            className="link"
            href="/letter/oe"
            onClick={[Function]}
            onMouseEnter={[Function]}
          >
            ö
          </a>
        </li>
      </ul>
      <form
        className="form"
        onSubmit={[Function]}
      >
        <input
          aria-label="Search"
          className="input"
          name="search"
          onChange={[Function]}
          type="search"
          value=""
        />
        <button
          className="button button--secondary button--no-margs"
          name="submit"
          type="submit"
        >
          Search
        </button>
      </form>
    </div>
  </nav>,
]
`;
