// Jest Snapshot v1, https://goo.gl/fbAQLP

exports[`Letter page: render Matches snapshot 1`] = `
Array [
  <main>
    <p>
      abbadís
    </p>
    <p>
      abbast
    </p>
    <p>
      abbindi
    </p>
    <p>
      aðal-vellir
    </p>
    <p>
      að-eins
    </p>
    <p>
      aðild
    </p>
    <p>
      aðilðar-maðr
    </p>
    <p>
      aðili
    </p>
    <p>
      afa
    </p>
    <p>
      afar-
    </p>
    <p>
      afar-auðigr
    </p>
    <p>
      afar-breiðr
    </p>
    <p>
      afar-fagr
    </p>
    <p>
      afar-hreinn
    </p>
    <p>
      afar-ílla
    </p>
    <p>
      afar-kaup
    </p>
    <p>
      afarkosta-laust
    </p>
    <p>
      afar-kostir
    </p>
    <p>
      afar-ligr
    </p>
    <p>
      afar-lítill
    </p>
    <p>
      afar-menni
    </p>
    <p>
      afar-orð
    </p>
    <p>
      afar-stórr
    </p>
    <p>
      afar-sætr
    </p>
    <p>
      afar-úðigr
    </p>
    <p>
      afar-vel
    </p>
    <p>
      afar-yrði
    </p>
    <p>
      afar-þungr
    </p>
    <p>
      afa-systir
    </p>
    <p>
      af-auðit
    </p>
    <p>
      af-át
    </p>
    <p>
      af-blómgaðr
    </p>
    <p>
      af-boð
    </p>
    <p>
      af-bragð
    </p>
    <p>
      afbragðliga
    </p>
    <p>
      afbragðligr
    </p>
    <p>
      afbragðs-maðr
    </p>
    <p>
      af-brigð
    </p>
    <p>
      afbrigðar-tré
    </p>
    <p>
      af-brot
    </p>
    <p>
      af-brugðning
    </p>
    <p>
      af-brúðigr
    </p>
    <p>
      af-brýða
    </p>
    <p>
      af-brýði
    </p>
    <p>
      af-burðr
    </p>
    <p>
      af-búð
    </p>
    <p>
      af-dalr
    </p>
    <p>
      af-deilingr
    </p>
    <p>
      af-dráttr
    </p>
    <p>
      af-drep
    </p>
    <p>
      af-drif
    </p>
    <p>
      af-drykkja
    </p>
    <p>
      af-eggja
    </p>
    <p>
      af-eira
    </p>
    <p>
      af-eista
    </p>
    <p>
      af-erfa
    </p>
    <p>
      af-eyringr
    </p>
    <p>
      af-fall
    </p>
    <p>
      af-fangadagr
    </p>
    <p>
      af-fara
    </p>
    <p>
      affara-dagr
    </p>
    <p>
      affara-kveld
    </p>
    <p>
      af-fari
    </p>
    <p>
      af-feðrast
    </p>
    <p>
      af-feldr
    </p>
    <p>
      af-ferma
    </p>
    <p>
      af-flutning
    </p>
    <p>
      af-flytja
    </p>
    <p>
      af-för
    </p>
    <p>
      af-gamall
    </p>
    <p>
      af-ganga
    </p>
    <p>
      af-gangr
    </p>
    <p>
      af-gelja
    </p>
    <p>
      af-gipt
    </p>
    <p>
      afgiptar-bréf
    </p>
    <p>
      afgiptar-fé
    </p>
    <p>
      af-gjald
    </p>
    <p>
      af-gjarn
    </p>
    <p>
      af-gjöf
    </p>
    <p>
      af-glapa
    </p>
    <p>
      af-glapan
    </p>
    <p>
      afglapa-orð
    </p>
    <p>
      af-glapi
    </p>
    <p>
      af-greizla
    </p>
    <p>
      af-guðliga
    </p>
    <p>
      af-gæzla
    </p>
    <p>
      afgöngu-dagr
    </p>
    <p>
      af-göra
    </p>
    <p>
      af-görð
    </p>
    <p>
      af-görvi
    </p>
    <p>
      af-hallnn
    </p>
    <p>
      af-hallr
    </p>
    <p>
      af-haugr
    </p>
    <p>
      af-hefð
    </p>
    <p>
      af-hegna
    </p>
    <p>
      af-heima
    </p>
    <p>
      af-helgast
    </p>
    <p>
      af-hellir
    </p>
    <p>
      af-henda
    </p>
    <p>
      af-hending
    </p>
    <p>
      af-hendis
    </p>
    <p>
      af-hendr
    </p>
    <p>
      af-heyrandi
    </p>
    <p>
      af-heyris
    </p>
    <p>
      af-hlaðning
    </p>
    <p>
      af-hlaup
    </p>
    <p>
      afhlaups-korn
    </p>
    <p>
      af-hlutr
    </p>
    <p>
      af-hlýðast
    </p>
    <p>
      af-hrapi
    </p>
    <p>
      af-hroð
    </p>
    <p>
      af-huga
    </p>
    <p>
      af-hugast
    </p>
    <p>
      af-hus
    </p>
    <p>
      af-hvarf
    </p>
    <p>
      af-hýða
    </p>
    <p>
      af-höfða
    </p>
    <p>
      af-högg
    </p>
    <p>
      af-kaup
    </p>
    <p>
      af-káraligr
    </p>
    <p>
      af-kárligr
    </p>
    <p>
      af-kárr
    </p>
    <p>
      af-kleyfi
    </p>
    <p>
      afkleyfis-samstafa
    </p>
    <p>
      af-klæða
    </p>
    <p>
      af-komandi
    </p>
    <p>
      af-kvremi
    </p>
    <p>
      afkvæmis-maðr
    </p>
    <p>
      af-kymi
    </p>
    <p>
      afl
    </p>
    <p>
      afla-brögð
    </p>
    <p>
      afla-fátt
    </p>
    <p>
      afla-fé
    </p>
    <p>
      af-lag
    </p>
    <p>
      af-laga
    </p>
    <p>
      af-lagliga
    </p>
    <p>
      afla-lítill
    </p>
    <p>
      afla-maðr
    </p>
    <p>
      afla-mikill
    </p>
    <p>
      afla-munr
    </p>
    <p>
      aflan
    </p>
    <p>
      af-langr
    </p>
    <p>
      afla-skortr
    </p>
    <p>
      afla-stund
    </p>
    <p>
      af-lausn
    </p>
    <p>
      af-lát
    </p>
    <p>
      af-látr
    </p>
    <p>
      afláts-korn
    </p>
    <p>
      af-leiðing
    </p>
    <p>
      af-leiðingr
    </p>
    <p>
      af-leiðis
    </p>
    <p>
      af-leifar
    </p>
    <p>
      af-leitinn
    </p>
    <p>
      af-leitliga
    </p>
    <p>
      af-leitligr
    </p>
    <p>
      af-leitr
    </p>
    <p>
      af-lendis
    </p>
    <p>
      af-lendr
    </p>
    <p>
      af-letja
    </p>
    <p>
      af-letta
    </p>
    <p>
      af-lettr
    </p>
    <p>
      afl-fátt
    </p>
    <p>
      afl-gróf
    </p>
    <p>
      afl-hella
    </p>
    <p>
      afli
    </p>
    <p>
      af-lima
    </p>
    <p>
      af-liman
    </p>
    <p>
      afl-lauss
    </p>
    <p>
      afl-leysi
    </p>
    <p>
      afl-lítill
    </p>
    <p>
      afl-mikill
    </p>
    <p>
      af-lofa
    </p>
    <p>
      afl-raun
    </p>
    <p>
      afl-skortr
    </p>
    <p>
      afls-munr
    </p>
    <p>
      afls-raun
    </p>
    <p>
      aflugr
    </p>
    <p>
      afl-vani
    </p>
    <p>
      afl-vöðvi
    </p>
    <p>
      af-lögliga
    </p>
    <p>
      af-má
    </p>
    <p>
      af-mán
    </p>
    <p>
      af-mána
    </p>
    <p>
      af-mánaðr
    </p>
    <p>
      afmor
    </p>
    <p>
      af-mynda
    </p>
    <p>
      af-mœðing
    </p>
    <p>
      af-nám
    </p>
    <p>
      afnáms-fé
    </p>
    <p>
      afnáms-gripr
    </p>
    <p>
      af-nefja
    </p>
    <p>
      af-neita
    </p>
    <p>
      af-neiting
    </p>
    <p>
      af-neyzla
    </p>
    <p>
      afr
    </p>
    <p>
      af-rað
    </p>
    <p>
      afraðs-kollr
    </p>
    <p>
      af-reizla
    </p>
    <p>
      af-rek
    </p>
    <p>
      af-reka
    </p>
    <p>
      afreks-gripr
    </p>
    <p>
      afreks-maðr
    </p>
    <p>
      afreks-verk
    </p>
    <p>
      af-remma
    </p>
    <p>
      afrendi
    </p>
    <p>
      afrendr
    </p>
    <p>
      afrétta-menn
    </p>
    <p>
      afréttar-dómr
    </p>
    <p>
      af-réttr
    </p>
    <p>
      af-roð
    </p>
    <p>
      af-róg
    </p>
    <p>
      af-ruðningr
    </p>
    <p>
      af-runi
    </p>
    <p>
      afr-yrði
    </p>
    <p>
      af-ræði
    </p>
    <p>
      af-rækja
    </p>
    <p>
      af-saka
    </p>
    <p>
      af-sakan
    </p>
    <p>
      afsakanar-orð
    </p>
    <p>
      af-saki
    </p>
    <p>
      af-sanna
    </p>
    <p>
      af-sáð
    </p>
    <p>
      af-segja
    </p>
    <p>
      af-setja
    </p>
    <p>
      af-setning
    </p>
    <p>
      af-siða
    </p>
    <p>
      af-sifja
    </p>
    <p>
      af-síða
    </p>
    <p>
      af-skapligr
    </p>
    <p>
      af-skeiðis
    </p>
    <p>
      af-skipan
    </p>
    <p>
      af-skipta
    </p>
    <p>
      afskipta-lauss
    </p>
    <p>
      afskipta-lítill
    </p>
    <p>
      afskipta-samr
    </p>
    <p>
      af-skipti
    </p>
    <p>
      af-skiptinn
    </p>
    <p>
      af-skiptr
    </p>
    <p>
      af-skirrandi
    </p>
    <p>
      af-skrámliga
    </p>
    <p>
      af-skrámligr
    </p>
    <p>
      af-skræmi
    </p>
    <p>
      af-skræmiliga
    </p>
    <p>
      af-skurðr
    </p>
    <p>
      af-skyld
    </p>
    <p>
      af-snið
    </p>
    <p>
      af-sniðning
    </p>
    <p>
      af-sníðis
    </p>
    <p>
      af-spraki
    </p>
    <p>
      af-springr
    </p>
    <p>
      af-spurn
    </p>
    <p>
      af-spýttr
    </p>
    <p>
      af-standa
    </p>
    <p>
      af-stigr
    </p>
    <p>
      af-stúfa
    </p>
    <p>
      af-stúka
    </p>
    <p>
      af-svar
    </p>
    <p>
      af-svara
    </p>
    <p>
      af-sviptr
    </p>
    <p>
      af-sýnis
    </p>
    <p>
      af-sæll
    </p>
    <p>
      af-tak
    </p>
    <p>
      af-taka
    </p>
    <p>
      aftaka-maðr
    </p>
    <p>
      aftaka-minni
    </p>
    <p>
      aftaks-skjöldr
    </p>
    <p>
      af-tekja
    </p>
    <p>
      af-tekning
    </p>
    <p>
      af-tekt
    </p>
    <p>
      af-telja
    </p>
    <p>
      af-tigna
    </p>
    <p>
      af-trú
    </p>
    <p>
      af-trúast
    </p>
    <p>
      af-tækiligt
    </p>
    <p>
      af-tækt
    </p>
    <p>
      af-tæma
    </p>
    <p>
      afugr
    </p>
    <p>
      afund
    </p>
    <p>
      af-undinn
    </p>
    <p>
      afusa
    </p>
    <p>
      af-vega
    </p>
    <p>
      af-vegaðr
    </p>
    <p>
      af-vegis
    </p>
    <p>
      af-velta
    </p>
    <p>
      af-vensla
    </p>
    <p>
      af-vik
    </p>
    <p>
      af-vikinn
    </p>
    <p>
      af-vinna
    </p>
    <p>
      af-virða
    </p>
    <p>
      af-virðiligr
    </p>
    <p>
      af-virðing
    </p>
    <p>
      af-vænn
    </p>
    <p>
      af-vöxtr
    </p>
    <p>
      af-þerra
    </p>
    <p>
      af-þokka
    </p>
    <p>
      af-þváttr
    </p>
    <p>
      af-æta
    </p>
    <p>
      aga
    </p>
    <p>
      aga-samligr
    </p>
    <p>
      aga-samr
    </p>
    <p>
      agn-hald
    </p>
    <p>
      agn-sax
    </p>
    <p>
      agn-úi
    </p>
    <p>
      agn-ör
    </p>
    <p>
      ak-braut
    </p>
    <p>
      ak-færi
    </p>
    <p>
      akka
    </p>
    <p>
      akkeris-fleinn
    </p>
    <p>
      akkeris-lauss
    </p>
    <p>
      akkeris-lægi
    </p>
    <p>
      akkeris-sát
    </p>
    <p>
      akkeris-stokkr
    </p>
    <p>
      akkeris-strengr
    </p>
    <p>
      akkeris-sæti
    </p>
    <p>
      akra-ávöxtr
    </p>
    <p>
      akra-gerði
    </p>
    <p>
      akra-karl
    </p>
    <p>
      akra-spillir
    </p>
    <p>
      akr-dai
    </p>
    <p>
      akr-deili
    </p>
    <p>
      akr-gerði
    </p>
    <p>
      akr-görð
    </p>
    <p>
      akrgörðar-maðr
    </p>
    <p>
      akr-hæna
    </p>
    <p>
      akri
    </p>
    <p>
      akr-karl
    </p>
    <p>
      akr-kál
    </p>
    <p>
      akr-land
    </p>
    <p>
      akr-lengd
    </p>
    <p>
      akr-maðr
    </p>
    <p>
      akr-neyttr
    </p>
    <p>
      akr-plógsmaðr
    </p>
    <p>
      akr-rein
    </p>
    <p>
      akr-skipti
    </p>
    <p>
      akrskurðar-maðr
    </p>
    <p>
      akr-skurðr
    </p>
    <p>
      akr-súra
    </p>
    <p>
      akr-tíund
    </p>
    <p>
      akr-verk
    </p>
    <p>
      akrverks-maðr
    </p>
    <p>
      ak-stóll
    </p>
    <p>
      ak-tamr
    </p>
    <p>
      aktan
    </p>
    <p>
      ak-taumr
    </p>
    <p>
      alaðs-festr
    </p>
    <p>
      al-auðn
    </p>
    <p>
      al-auðr
    </p>
    <p>
      al-bata
    </p>
    <p>
      al-baztr
    </p>
    <p>
      al-berr
    </p>
    <p>
      al-bitinn
    </p>
    <p>
      al-bjartr
    </p>
    <p>
      al-blindr
    </p>
    <p>
      al-blóðugr
    </p>
    <p>
      al-bogi
    </p>
    <p>
      al-breiðr
    </p>
    <p>
      al-brotinn
    </p>
    <p>
      al-brynjaðr
    </p>
    <p>
      al-búa
    </p>
    <p>
      al-búinn
    </p>
    <p>
      al-bygðr
    </p>
    <p>
      alda-
    </p>
    <p>
      alda-faðir
    </p>
    <p>
      alda-gautr
    </p>
    <p>
      alda-mót
    </p>
    <p>
      aldar-eðli
    </p>
    <p>
      aldar-far
    </p>
    <p>
      aldar-háttr
    </p>
    <p>
      aldar-mál
    </p>
    <p>
      aldar-rof
    </p>
    <p>
      aldar-róg
    </p>
    <p>
      aldar-tal
    </p>
    <p>
      aldar-trygðir
    </p>
    <p>
      alda-skipti
    </p>
    <p>
      aldauða-arfr
    </p>
    <p>
      al-dauði
    </p>
    <p>
      alda-vinr
    </p>
    <p>
      alda-þopti
    </p>
    <p>
      aldin-berandi
    </p>
    <p>
      aldin-falda
    </p>
    <p>
      aldin-garðr
    </p>
    <p>
      aldini
    </p>
    <p>
      aldin-lauss
    </p>
    <p>
      aldinn
    </p>
    <p>
      aldins-garðr
    </p>
    <p>
      aldin-skógr
    </p>
    <p>
      aldin-tré
    </p>
    <p>
      aldin-viðr
    </p>
    <p>
      aldor-maðr
    </p>
    <p>
      aldraðr
    </p>
    <p>
      aldr-bót
    </p>
    <p>
      aldr-dagar
    </p>
    <p>
      aldr-fremd
    </p>
    <p>
      aldri
    </p>
    <p>
      aldr-lag
    </p>
    <p>
      aldr-lok
    </p>
    <p>
      aldr-máli
    </p>
    <p>
      aldr-nari
    </p>
    <p>
      aldr-rúnar
    </p>
    <p>
      aldr-rúttr
    </p>
    <p>
      aldr-slit
    </p>
    <p>
      aldr-stamr
    </p>
    <p>
      aldr-tili
    </p>
    <p>
      aldr-tjón
    </p>
    <p>
      aldr-tregi
    </p>
    <p>
      ald-rænn
    </p>
    <p>
      aldur-maðr
    </p>
    <p>
      al-dyggiliga
    </p>
    <p>
      al-dyggr
    </p>
    <p>
      al-dæli
    </p>
    <p>
      al-dæll
    </p>
    <p>
      ald-öðli
    </p>
    <p>
      al-efli
    </p>
    <p>
      al-eiga
    </p>
    <p>
      aleigu-mál
    </p>
    <p>
      aleigu-sök
    </p>
    <p>
      al-eyða
    </p>
    <p>
      al-faðir
    </p>
    <p>
      al-far
    </p>
    <p>
      al-fari
    </p>
    <p>
      al-farinn
    </p>
    <p>
      al-feginn
    </p>
    <p>
      al-feigr
    </p>
    <p>
      alfr
    </p>
    <p>
      al-framr
    </p>
    <p>
      al-fríðr
    </p>
    <p>
      al-frjáls
    </p>
    <p>
      al-frjóvaðr
    </p>
    <p>
      alft
    </p>
    <p>
      al-fullr
    </p>
    <p>
      al-fúinn
    </p>
    <p>
      al-færr
    </p>
    <p>
      al-fært
    </p>
    <p>
      al-föðr
    </p>
    <p>
      al-gangsi
    </p>
    <p>
      al-geldr
    </p>
    <p>
      al-gildi
    </p>
    <p>
      algildis-vitni
    </p>
    <p>
      al-gildr
    </p>
    <p>
      al-gjafi
    </p>
    <p>
      al-gjafta
    </p>
    <p>
      al-gleymingr
    </p>
    <p>
      al-góðr
    </p>
    <p>
      al-grár
    </p>
    <p>
      al-gróinn
    </p>
    <p>
      al-grænn
    </p>
    <p>
      al-gullinn
    </p>
    <p>
      al-gyldr
    </p>
    <p>
      al-göra
    </p>
    <p>
      al-görlega
    </p>
    <p>
      al-görleikr
    </p>
    <p>
      al-görr
    </p>
    <p>
      al-görvi
    </p>
    <p>
      al-heiðinn
    </p>
    <p>
      al-heilagr
    </p>
    <p>
      al-heill
    </p>
    <p>
      al-heilsa
    </p>
    <p>
      al-henda
    </p>
    <p>
      al-hending
    </p>
    <p>
      al-hendr
    </p>
    <p>
      al-hnepptr
    </p>
    <p>
      al-hreinn
    </p>
    <p>
      al-huga
    </p>
    <p>
      al-hugat
    </p>
    <p>
      al-hugi
    </p>
    <p>
      al-hugligr
    </p>
    <p>
      al-hungraðr
    </p>
    <p>
      al-húsa
    </p>
    <p>
      al-hvítr
    </p>
    <p>
      al-hýsa
    </p>
    <p>
      al-hýsi
    </p>
    <p>
      al-hægð
    </p>
    <p>
      al-hægr
    </p>
    <p>
      ali-
    </p>
    <p>
      ali-björn
    </p>
    <p>
      ali-dýr
    </p>
    <p>
      ali-fe
    </p>
    <p>
      ali-fiskr
    </p>
    <p>
      ali-fugl
    </p>
    <p>
      ali-gás
    </p>
    <p>
      ali-karl
    </p>
    <p>
      ali-sauðr
    </p>
    <p>
      al-jafn
    </p>
    <p>
      al-járnaðr
    </p>
    <p>
      alka
    </p>
    <p>
      al-keypt
    </p>
    <p>
      al-kirkja
    </p>
    <p>
      al-klæðnaðr
    </p>
    <p>
      al-kristinn
    </p>
    <p>
      al-kristnaðr
    </p>
    <p>
      al-kunna
    </p>
    <p>
      al-kunnigr
    </p>
    <p>
      al-kunnr
    </p>
    <p>
      al-kyrra
    </p>
    <p>
      alla-jafna
    </p>
    <p>
      all-föðr
    </p>
    <p>
      al-ljóss
    </p>
    <p>
      al-loðinn
    </p>
    <p>
      al-lokit
    </p>
    <p>
      allra-handa
    </p>
    <p>
      allra-heilagra
    </p>
    <p>
      alls-endis
    </p>
    <p>
      alls-háttar
    </p>
    <p>
      alls-herjar
    </p>
    <p>
      allsherjar-búð
    </p>
    <p>
      allsherjar-dómr
    </p>
    <p>
      allsherjar-fé
    </p>
    <p>
      allsherjar-goði
    </p>
    <p>
      allsherjar-lið
    </p>
    <p>
      allsherjar-lýðr
    </p>
    <p>
      allsherjar-lög
    </p>
    <p>
      allsherjar-þing
    </p>
    <p>
      alls-konar
    </p>
    <p>
      alls-kostar
    </p>
    <p>
      alls-kyns
    </p>
    <p>
      alls-staðar
    </p>
    <p>
      alls-valdandi
    </p>
    <p>
      all-tént
    </p>
    <p>
      all-tíð
    </p>
    <p>
      al-lúsigr
    </p>
    <p>
      all-vald
    </p>
    <p>
      all-valdr
    </p>
    <p>
      allyngis
    </p>
    <p>
      al-manna-
    </p>
    <p>
      almanna-bygð
    </p>
    <p>
      almanna-gjá
    </p>
    <p>
      almanna-leið
    </p>
    <p>
      almanna-lof
    </p>
    <p>
      almanna-skript
    </p>
    <p>
      almanna-stofa
    </p>
    <p>
      almanna-tal
    </p>
    <p>
      almanna-vegr
    </p>
    <p>
      almanna-þing
    </p>
    <p>
      al-máttigr
    </p>
    <p>
      al-máttr
    </p>
    <p>
      al-menni
    </p>
    <p>
      al-menniliga
    </p>
    <p>
      al-menniligr
    </p>
    <p>
      al-menning
    </p>
    <p>
      almennings-bréf
    </p>
    <p>
      almennings-drykkja
    </p>
    <p>
      almennings-far
    </p>
    <p>
      almennings-mörk
    </p>
    <p>
      almennings-stræti
    </p>
    <p>
      almennings-tollr
    </p>
    <p>
      almennings-vegr
    </p>
    <p>
      al-mennr
    </p>
    <p>
      almusa
    </p>
    <p>
      al-múgi
    </p>
    <p>
      al-mæli
    </p>
    <p>
      al-mæltr
    </p>
    <p>
      al-mætti
    </p>
    <p>
      al-naktr
    </p>
    <p>
      alnar-kefli
    </p>
    <p>
      aln-bogi
    </p>
    <p>
      al-nýr
    </p>
    <p>
      al-ogaðr
    </p>
    <p>
      al-rauðr
    </p>
    <p>
      al-ráðinn
    </p>
    <p>
      al-ránn
    </p>
    <p>
      al-reyndr
    </p>
    <p>
      alri
    </p>
    <p>
      al-roskinn
    </p>
    <p>
      al-rotinn
    </p>
    <p>
      al-ræmdr
    </p>
    <p>
      al-sagðr
    </p>
    <p>
      al-satt
    </p>
    <p>
      al-sáttr
    </p>
    <p>
      al-sekr
    </p>
    <p>
      al-siða
    </p>
    <p>
      al-skipaðr
    </p>
    <p>
      al-skjaldaðr
    </p>
    <p>
      al-skrifaðr
    </p>
    <p>
      al-skyldr
    </p>
    <p>
      al-slitinn
    </p>
    <p>
      al-slíkr
    </p>
    <p>
      al-smíðaðr
    </p>
    <p>
      al-snjóa
    </p>
    <p>
      al-snotr
    </p>
    <p>
      al-spakr
    </p>
    <p>
      al-staðar
    </p>
    <p>
      al-stirndr
    </p>
    <p>
      al-stýfðr
    </p>
    <p>
      al-stýfingr
    </p>
    <p>
      al-svartr
    </p>
    <p>
      al-sveittr
    </p>
    <p>
      al-sveitugr
    </p>
    <p>
      al-sýkn
    </p>
    <p>
      al-sýkna
    </p>
    <p>
      al-sætt
    </p>
    <p>
      altaris-blæja
    </p>
    <p>
      altaris-bók
    </p>
    <p>
      altaris-brík
    </p>
    <p>
      altaris-búnaðr
    </p>
    <p>
      altaris-dagr
    </p>
    <p>
      altaris-dúkr
    </p>
    <p>
      altaris-fórn
    </p>
    <p>
      altaris-gólf
    </p>
    <p>
      altaris-horn
    </p>
    <p>
      altaris-hús
    </p>
    <p>
      altaris-klæði
    </p>
    <p>
      altaris-líkneski
    </p>
    <p>
      altaris-messa
    </p>
    <p>
      altaris-plata
    </p>
    <p>
      altaris-skrá
    </p>
    <p>
      altaris-staðr
    </p>
    <p>
      altaris-steinn
    </p>
    <p>
      altaris-stika
    </p>
    <p>
      altaris-þjónusta
    </p>
    <p>
      al-téligr
    </p>
    <p>
      al-tiliga
    </p>
    <p>
      altingis
    </p>
    <p>
      al-tjaldaðr
    </p>
    <p>
      al-ugaðr
    </p>
    <p>
      al-úð
    </p>
    <p>
      alúðar-maðr
    </p>
    <p>
      alúðar-vinr
    </p>
    <p>
      al-valdr
    </p>
    <p>
      al-vangr
    </p>
    <p>
      al-vara
    </p>
    <p>
      al-varliga
    </p>
    <p>
      al-vaskligr
    </p>
    <p>
      al-vatr
    </p>
    <p>
      al-vaxinn
    </p>
    <p>
      al-vápnaðr
    </p>
    <p>
      al-vel
    </p>
    <p>
      al-vepni
    </p>
    <p>
      al-verki
    </p>
    <p>
      al-virkr
    </p>
    <p>
      al-vista
    </p>
    <p>
      al-vitr
    </p>
    <p>
      al-vizka
    </p>
    <p>
      al-víss
    </p>
    <p>
      al-vænn
    </p>
    <p>
      al-væpni
    </p>
    <p>
      al-værð
    </p>
    <p>
      al-værliga
    </p>
    <p>
      alvöru-liga
    </p>
    <p>
      alvöru-ligr
    </p>
    <p>
      alvöru-samligr
    </p>
    <p>
      al-yrkr
    </p>
    <p>
      al-þakinn
    </p>
    <p>
      al-þiljaðr
    </p>
    <p>
      al-þingi
    </p>
    <p>
      al-þingis
    </p>
    <p>
      alþingis-dómr
    </p>
    <p>
      alþingis-för
    </p>
    <p>
      alþingis-helgun
    </p>
    <p>
      alþingis-lof
    </p>
    <p>
      alþingis-mál
    </p>
    <p>
      alþingis-nefna
    </p>
    <p>
      alþingis-reið
    </p>
    <p>
      alþingis-sátt
    </p>
    <p>
      alþingissáttar-hald
    </p>
    <p>
      alþingis-sekt
    </p>
    <p>
      alþingissektar-hald
    </p>
    <p>
      al-þjóð
    </p>
    <p>
      al-þykkr
    </p>
    <p>
      al-þýða
    </p>
    <p>
      al-þýðask
    </p>
    <p>
      al-þýði
    </p>
    <p>
      al-þýðligr
    </p>
    <p>
      alþýðu-drykkja
    </p>
    <p>
      alþýðu-leið
    </p>
    <p>
      alþýðu-lof
    </p>
    <p>
      alþýðu-maðr
    </p>
    <p>
      alþýðu-mál
    </p>
    <p>
      alþýðu-skap
    </p>
    <p>
      alþýðu-tal
    </p>
    <p>
      alþýðu-vápn
    </p>
    <p>
      alþýðu-vegr
    </p>
    <p>
      alþýðu-virðing
    </p>
    <p>
      alþýðu-vitni
    </p>
    <p>
      alþýðu-þyss
    </p>
    <p>
      al-þægr
    </p>
    <p>
      al-æstr
    </p>
    <p>
      amallera
    </p>
    <p>
      amathysti
    </p>
    <p>
      amatligr
    </p>
    <p>
      amban
    </p>
    <p>
      ambátta-fang
    </p>
    <p>
      ambáttar-barn
    </p>
    <p>
      ambáttar-dóttir
    </p>
    <p>
      ambáttarligr
    </p>
    <p>
      ambáttar-mót
    </p>
    <p>
      ambáttar-sonr
    </p>
    <p>
      amb-höfði
    </p>
    <p>
      amboð
    </p>
    <p>
      ami
    </p>
    <p>
      amorligr
    </p>
    <p>
      ampli
    </p>
    <p>
      amra
    </p>
    <p>
      amstr
    </p>
    <p>
      anda-
    </p>
    <p>
      anda-gipt
    </p>
    <p>
      anda-kast
    </p>
    <p>
      andaliga
    </p>
    <p>
      anda-ligr
    </p>
    <p>
      andar-dráttr
    </p>
    <p>
      andar-egg
    </p>
    <p>
      andar-fygli
    </p>
    <p>
      andar-steggi
    </p>
    <p>
      andar-vana
    </p>
    <p>
      and-blásinn
    </p>
    <p>
      and-dyri
    </p>
    <p>
      and-fang
    </p>
    <p>
      and-fælur
    </p>
    <p>
      and-fætingr
    </p>
    <p>
      and-hlaup
    </p>
    <p>
      and-hrimnir
    </p>
    <p>
      and-hvalr
    </p>
    <p>
      and-hæli
    </p>
    <p>
      andi
    </p>
    <p>
      and-keta
    </p>
    <p>
      and-kostr
    </p>
    <p>
      and-langr
    </p>
    <p>
      and-lauss
    </p>
    <p>
      and-lát
    </p>
    <p>
      andláts-dagr
    </p>
    <p>
      andláts-dægr
    </p>
    <p>
      andláts-sorg
    </p>
    <p>
      andláts-tíð
    </p>
    <p>
      andliga
    </p>
    <p>
      andligr
    </p>
    <p>
      and-lit
    </p>
    <p>
      andlits-björg
    </p>
    <p>
      andlits-farinn
    </p>
    <p>
      andlits-mein
    </p>
    <p>
      andlits-sköp
    </p>
    <p>
      and-marki
    </p>
    <p>
      and-máligr
    </p>
    <p>
      and-mæli
    </p>
    <p>
      and-nes
    </p>
    <p>
      and-orða
    </p>
    <p>
      and-óf
    </p>
    <p>
      and-ramr
    </p>
    <p>
      and-rá
    </p>
    <p>
      and-róði
    </p>
    <p>
      and-saka
    </p>
    <p>
      and-skjól
    </p>
    <p>
      andskota-flokkr
    </p>
    <p>
      and-skoti
    </p>
    <p>
      and-spilli
    </p>
    <p>
      and-spænis
    </p>
    <p>
      and-stefna
    </p>
    <p>
      and-streymi
    </p>
    <p>
      and-streymr
    </p>
    <p>
      and-stygð
    </p>
    <p>
      and-styggiligr
    </p>
    <p>
      and-styggr
    </p>
    <p>
      and-svar
    </p>
    <p>
      and-svara
    </p>
    <p>
      andsvara-maðr
    </p>
    <p>
      and-syptir
    </p>
    <p>
      and-sælis
    </p>
    <p>
      and-vaka
    </p>
    <p>
      and-vaki
    </p>
    <p>
      and-vana
    </p>
    <p>
      andvara-gestr
    </p>
    <p>
      and-varða
    </p>
    <p>
      and-vari
    </p>
    <p>
      and-varp
    </p>
    <p>
      and-varpa
    </p>
    <p>
      and-varpan
    </p>
    <p>
      and-vegi
    </p>
    <p>
      andverðr
    </p>
    <p>
      and-viðri
    </p>
    <p>
      and-virði
    </p>
    <p>
      and-virki
    </p>
    <p>
      and-vitni
    </p>
    <p>
      and-vígr
    </p>
    <p>
      and-yrði
    </p>
    <p>
      and-æfa
    </p>
    <p>
      and-æris
    </p>
    <p>
      and-ærligr
    </p>
    <p>
      ang
    </p>
    <p>
      angan
    </p>
    <p>
      angan-týr
    </p>
    <p>
      angi
    </p>
    <p>
      angist
    </p>
    <p>
      angistar-ár
    </p>
    <p>
      angistar-neyð
    </p>
    <p>
      angistar-tími
    </p>
    <p>
      angistast
    </p>
    <p>
      angra
    </p>
    <p>
      angran
    </p>
    <p>
      angr-boða
    </p>
    <p>
      angr-fullr
    </p>
    <p>
      angr-gapi
    </p>
    <p>
      angr-lauss
    </p>
    <p>
      angr-ligr
    </p>
    <p>
      angr-ljóð
    </p>
    <p>
      angr-lyndi
    </p>
    <p>
      angr-mæðask
    </p>
    <p>
      angr-samligr
    </p>
    <p>
      angr-samt
    </p>
    <p>
      angr-semd
    </p>
    <p>
      angr-vaðill
    </p>
    <p>
      angr-væri
    </p>
    <p>
      angr-æði
    </p>
    <p>
      an-könn
    </p>
    <p>
      ann-
    </p>
    <p>
      annarligr
    </p>
    <p>
      annarr-hvárr
    </p>
    <p>
      annarr-hverr
    </p>
    <p>
      annarr-tveggja
    </p>
    <p>
      annars-konar
    </p>
    <p>
      annars-kostar
    </p>
    <p>
      annarsligr
    </p>
    <p>
      annars-staðar
    </p>
    <p>
      annars-vegar
    </p>
    <p>
      ann-boð
    </p>
    <p>
      ann-fetlar
    </p>
    <p>
      ann-friðr
    </p>
    <p>
      ann-kostr
    </p>
    <p>
      ann-kvista
    </p>
    <p>
      ann-laust
    </p>
    <p>
      annmarka-fullr
    </p>
    <p>
      annmarka-lauss
    </p>
    <p>
      ann-ríkt
    </p>
    <p>
      ann-samligr
    </p>
    <p>
      ann-samt
    </p>
    <p>
      ann-semð
    </p>
    <p>
      annt
    </p>
    <p>
      antifona
    </p>
    <p>
      an-tigna
    </p>
    <p>
      anti-kristr
    </p>
    <p>
      antvarða
    </p>
    <p>
      anugr
    </p>
    <p>
      anz
    </p>
    <p>
      anza
    </p>
    <p>
      apa
    </p>
    <p>
      apaldr
    </p>
    <p>
      apaldrs-garðr
    </p>
    <p>
      apaldrs-klubba
    </p>
    <p>
      apaldrs-tré
    </p>
    <p>
      apal-grár
    </p>
    <p>
      apa-mynd
    </p>
    <p>
      appella
    </p>
    <p>
      aprligr
    </p>
    <p>
      aptan
    </p>
    <p>
      aptan-drykkja
    </p>
    <p>
      aptan-langt
    </p>
    <p>
      aptan-skæra
    </p>
    <p>
      aptan-stjarna
    </p>
    <p>
      aptan-söngr
    </p>
    <p>
      aptan-tími
    </p>
    <p>
      aptari
    </p>
    <p>
      aptarla
    </p>
    <p>
      aptna
    </p>
    <p>
      aptra
    </p>
    <p>
      aptran
    </p>
    <p>
      aptr-á-bak
    </p>
    <p>
      aptr-bati
    </p>
    <p>
      aptr-beiðiligr
    </p>
    <p>
      aptr-borinn
    </p>
    <p>
      aptr-byggi
    </p>
    <p>
      aptr-dráttr
    </p>
    <p>
      aptr-drepa
    </p>
    <p>
      aptr-elding
    </p>
    <p>
      aptr-ferð
    </p>
    <p>
      aptr-færsla
    </p>
    <p>
      aptr-ganga
    </p>
    <p>
      aptr-gangr
    </p>
    <p>
      aptr-gjald
    </p>
    <p>
      aptr-hald
    </p>
    <p>
      aptrhalds-maðr
    </p>
    <p>
      aptr-hlaup
    </p>
    <p>
      aptr-hnekking
    </p>
    <p>
      aptr-hryggr
    </p>
    <p>
      aptr-hvarf
    </p>
    <p>
      aptr-kall
    </p>
    <p>
      aptr-kast
    </p>
    <p>
      aptr-kemba
    </p>
    <p>
      aptr-kváma
    </p>
    <p>
      aptr-kvæmt
    </p>
    <p>
      aptr-lausn
    </p>
    <p>
      aptr-mjór
    </p>
    <p>
      aptr-mundr
    </p>
    <p>
      aptr-reka
    </p>
    <p>
      aptr-rekstr
    </p>
    <p>
      aptr-sjá
    </p>
    <p>
      aptr-skipan
    </p>
    <p>
      aptr-velting
    </p>
    <p>
      ap-ynja
    </p>
    <p>
      ara-hreiðr
    </p>
    <p>
      arða
    </p>
    <p>
      arðga
    </p>
    <p>
      ar-djúp
    </p>
    <p>
      arðr-för
    </p>
    <p>
      arðr-gangr
    </p>
    <p>
      arðr-járn
    </p>
    <p>
      arðr-oxi
    </p>
    <p>
      arðs-geldingr
    </p>
    <p>
      arfa
    </p>
    <p>
      arfa-þáttr
    </p>
    <p>
      arf-borinn
    </p>
    <p>
      arf-gengr
    </p>
    <p>
      arfi
    </p>
    <p>
      arfingi
    </p>
    <p>
      arf-kaup
    </p>
    <p>
      arf-leiða
    </p>
    <p>
      arf-leiðing
    </p>
    <p>
      arf-nyti
    </p>
    <p>
      arf-rán
    </p>
    <p>
      arf-ræning
    </p>
    <p>
      arf-ræningr
    </p>
    <p>
      arf-sal
    </p>
    <p>
      arfsals-maðr
    </p>
    <p>
      arfsals-máldagi
    </p>
    <p>
      arf-skipti
    </p>
    <p>
      arf-skot
    </p>
    <p>
      arf-sókn
    </p>
    <p>
      arfs-skipti
    </p>
    <p>
      arf-stóll
    </p>
    <p>
      arf-svik
    </p>
    <p>
      arf-svipting
    </p>
    <p>
      arf-tak
    </p>
    <p>
      arf-takari
    </p>
    <p>
      arf-tekinn
    </p>
    <p>
      arf-tekja
    </p>
    <p>
      arftekju-land
    </p>
    <p>
      arf-tæki
    </p>
    <p>
      arf-tækr
    </p>
    <p>
      arftöku-maðr
    </p>
    <p>
      arfuni
    </p>
    <p>
      arf-ván
    </p>
    <p>
      arf-vörðr
    </p>
    <p>
      arf-þegi
    </p>
    <p>
      arga-fas
    </p>
    <p>
      arga-skattr
    </p>
    <p>
      arg-hola
    </p>
    <p>
      arg-skapr
    </p>
    <p>
      arg-vítugr
    </p>
    <p>
      arin-dómr
    </p>
    <p>
      arin-eldr
    </p>
    <p>
      arin-elja
    </p>
    <p>
      arin-greypr
    </p>
    <p>
      arin-haukr
    </p>
    <p>
      arin-hella
    </p>
    <p>
      arin-kjóll
    </p>
    <p>
      arin-nefja
    </p>
    <p>
      arins-horn
    </p>
    <p>
      arins-járn
    </p>
    <p>
      arka-
    </p>
    <p>
      arma
    </p>
    <p>
      arm-baugr
    </p>
    <p>
      arm-brysti
    </p>
    <p>
      arm-fylking
    </p>
    <p>
      armingi
    </p>
    <p>
      arm-leggr
    </p>
    <p>
      armliga
    </p>
    <p>
      arm-skapaðr
    </p>
    <p>
      arm-vitugr
    </p>
    <p>
      ar-mæða
    </p>
    <p>
      arnar-
    </p>
    <p>
      arn-höfði
    </p>
    <p>
      arning
    </p>
    <p>
      arn-kell
    </p>
    <p>
      arn-súgr
    </p>
    <p>
      ars
    </p>
    <p>
      ars-görn
    </p>
    <p>
      articulera
    </p>
    <p>
      asalabia
    </p>
    <p>
      aska-smiðr
    </p>
    <p>
      aska-spillir
    </p>
    <p>
      ask-limar
    </p>
    <p>
      ask-maðr
    </p>
    <p>
      askraki
    </p>
    <p>
      askran
    </p>
    <p>
      ask-viðr
    </p>
    <p>
      asna
    </p>
    <p>
      asna-höfuð
    </p>
    <p>
      asna-kjálki
    </p>
    <p>
      aspiciens-bók
    </p>
    <p>
      aspiciens-skrá
    </p>
    <p>
      ata
    </p>
    <p>
      atall
    </p>
    <p>
      atan
    </p>
    <p>
      atatata
    </p>
    <p>
      at-beini
    </p>
    <p>
      at-bot
    </p>
    <p>
      at-burðr
    </p>
    <p>
      at-búnaðr
    </p>
    <p>
      at-djupt
    </p>
    <p>
      at-djúp
    </p>
    <p>
      atdrátta-maðr
    </p>
    <p>
      at-dráttr
    </p>
    <p>
      at-dugnaðr
    </p>
    <p>
      at-eggjan
    </p>
    <p>
      at-fall
    </p>
    <p>
      at-fang
    </p>
    <p>
      at-fara-
    </p>
    <p>
      atfara-laust
    </p>
    <p>
      atfarar-dómr
    </p>
    <p>
      atfarar-þing
    </p>
    <p>
      at-ferð
    </p>
    <p>
      atferðar-leysi
    </p>
    <p>
      atferðar-maðr
    </p>
    <p>
      atferð-ligr
    </p>
    <p>
      at-ferli
    </p>
    <p>
      at-flutning
    </p>
    <p>
      at-frétt
    </p>
    <p>
      at-fundull
    </p>
    <p>
      at-fylgi
    </p>
    <p>
      at-fyndli
    </p>
    <p>
      at-færsla
    </p>
    <p>
      atfærslu-maðr
    </p>
    <p>
      at-för
    </p>
    <p>
      at-ganga
    </p>
    <p>
      at-gangr
    </p>
    <p>
      atgangs-mikill
    </p>
    <p>
      at-geirr
    </p>
    <p>
      at-gengiligr
    </p>
    <p>
      at-gerð
    </p>
    <p>
      at-gœzla
    </p>
    <p>
      atgöngu-mikill
    </p>
    <p>
      atgörð
    </p>
    <p>
      atgörða-lauss
    </p>
    <p>
      atgörða-maðr
    </p>
    <p>
      atgörðar-mikill
    </p>
    <p>
      at-görvi
    </p>
    <p>
      atgörvi-maðr
    </p>
    <p>
      athafnar-lauss
    </p>
    <p>
      athafnar-leysi
    </p>
    <p>
      athafnar-maðr
    </p>
    <p>
      at-hald
    </p>
    <p>
      at-hjúkan
    </p>
    <p>
      at-hlaup
    </p>
    <p>
      at-hlátr
    </p>
    <p>
      at-hlægi
    </p>
    <p>
      at-hlægiligr
    </p>
    <p>
      at-huga
    </p>
    <p>
      athuga-lauss
    </p>
    <p>
      athuga-leysi
    </p>
    <p>
      athugaliga
    </p>
    <p>
      athuga-lítill
    </p>
    <p>
      at-hugall
    </p>
    <p>
      athuga-samliga
    </p>
    <p>
      athuga-samr
    </p>
    <p>
      athuga-semd
    </p>
    <p>
      athuga-verðr
    </p>
    <p>
      at-hugi
    </p>
    <p>
      at-hvarf
    </p>
    <p>
      at-hygli
    </p>
    <p>
      at-hyllast
    </p>
    <p>
      at-hæfi
    </p>
    <p>
      at-hæfiligr
    </p>
    <p>
      at-höfn
    </p>
    <p>
      at-kall
    </p>
    <p>
      at-kast
    </p>
    <p>
      at-keri
    </p>
    <p>
      at-kváma
    </p>
    <p>
      atkvæða-lauss
    </p>
    <p>
      atkvæða-maðr
    </p>
    <p>
      atkvæða-mikill
    </p>
    <p>
      at-kvæði
    </p>
    <p>
      atla
    </p>
    <p>
      at-laga
    </p>
    <p>
      at-lát
    </p>
    <p>
      atláts-samr
    </p>
    <p>
      at-lega
    </p>
    <p>
      atlögu-flokkr
    </p>
    <p>
      atlögu-skip
    </p>
    <p>
      at-mæli
    </p>
    <p>
      atoma
    </p>
    <p>
      at-orka
    </p>
    <p>
      atorku-maðr
    </p>
    <p>
      atorku-samr
    </p>
    <p>
      atorku-semi
    </p>
    <p>
      at-rás
    </p>
    <p>
      at-reið
    </p>
    <p>
      atreiðar-áss
    </p>
    <p>
      at-rekandi
    </p>
    <p>
      at-renna
    </p>
    <p>
      atrennu-lykkja
    </p>
    <p>
      at-rið
    </p>
    <p>
      at-róðr
    </p>
    <p>
      at-samr
    </p>
    <p>
      at-seta
    </p>
    <p>
      at-setr
    </p>
    <p>
      at-skelking
    </p>
    <p>
      at-skiljanligr
    </p>
    <p>
      at-skilnaðr
    </p>
    <p>
      at-sog
    </p>
    <p>
      at-sókn
    </p>
    <p>
      atsóknar-maðr
    </p>
    <p>
      at-spurning
    </p>
    <p>
      at-staða
    </p>
    <p>
      at-stuðning
    </p>
    <p>
      at-súgr
    </p>
    <p>
      at-svif
    </p>
    <p>
      at-tú
    </p>
    <p>
      at-tönn
    </p>
    <p>
      at-veizla
    </p>
    <p>
      at-verknaðr
    </p>
    <p>
      at-vik
    </p>
    <p>
      at-vinna
    </p>
    <p>
      atvinnu-lauss
    </p>
    <p>
      at-vist
    </p>
    <p>
      at-vígi
    </p>
    <p>
      at-yrði
    </p>
    <p>
      auða
    </p>
    <p>
      auðar-ull
    </p>
    <p>
      auð-beðinn
    </p>
    <p>
      auð-bættr
    </p>
    <p>
      auð-eggjaðr
    </p>
    <p>
      auð-fenginn
    </p>
    <p>
      auð-fengr
    </p>
    <p>
      auð-fundinn
    </p>
    <p>
      auð-fyndr
    </p>
    <p>
      auðga
    </p>
    <p>
      auð-gengr
    </p>
    <p>
      auð-ginntr
    </p>
    <p>
      auð-gjafi
    </p>
    <p>
      auð-gætligr
    </p>
    <p>
      auð-gætt
    </p>
    <p>
      auð-görr
    </p>
    <p>
      auð-heyrt
    </p>
    <p>
      auðigr
    </p>
    <p>
      auð-kendr
    </p>
    <p>
      auð-kenni
    </p>
    <p>
      auð-kenniligr
    </p>
    <p>
      auð-kenning
    </p>
    <p>
      auð-keyptr
    </p>
    <p>
      auð-kjörinn
    </p>
    <p>
      auð-kumall
    </p>
    <p>
      auð-kvisi
    </p>
    <p>
      auð-kvæðr
    </p>
    <p>
      auð-kýfingr
    </p>
    <p>
      auð-lagðr
    </p>
    <p>
      auð-lattr
    </p>
    <p>
      auð-látinn
    </p>
    <p>
      auð-legð
    </p>
    <p>
      auð-ligr
    </p>
    <p>
      auð-maðr
    </p>
    <p>
      auðmi-maðr
    </p>
    <p>
      auð-mjúkliga
    </p>
    <p>
      auð-mjúkr
    </p>
    <p>
      auð-munaðr
    </p>
    <p>
      auð-mýkja
    </p>
    <p>
      auð-mýkt
    </p>
    <p>
      auðn
    </p>
    <p>
      auðna
    </p>
    <p>
      auðnar-hús
    </p>
    <p>
      auðnar-óðal
    </p>
    <p>
      auðnar-sel
    </p>
    <p>
      auðnu-lauss
    </p>
    <p>
      auðnu-leysi
    </p>
    <p>
      auðnu-leysingi
    </p>
    <p>
      auðnu-samliga
    </p>
    <p>
      auð-næmiligr
    </p>
    <p>
      auð-næmr
    </p>
    <p>
      auð-prófaðr
    </p>
    <p>
      auð-ráðinn
    </p>
    <p>
      auð-ráðr
    </p>
    <p>
      auðræði
    </p>
    <p>
      auð-sagt
    </p>
    <p>
      auð-salr
    </p>
    <p>
      auð-sénn
    </p>
    <p>
      auð-skeptr
    </p>
    <p>
      auð-skilligr
    </p>
    <p>
      auð-skæðr
    </p>
    <p>
      auð-snúit
    </p>
    <p>
      auð-sóttligr
    </p>
    <p>
      auð-sóttr
    </p>
    <p>
      auð-stafr
    </p>
    <p>
      auð-sveipr
    </p>
    <p>
      auð-sýna
    </p>
    <p>
      auð-sýniligr
    </p>
    <p>
      auð-sýning
    </p>
    <p>
      auð-sýnn
    </p>
    <p>
      auð-sæligr
    </p>
    <p>
      auð-sær
    </p>
    <p>
      auð-trúa
    </p>
    <p>
      auð-tryggi
    </p>
    <p>
      auð-tryggr
    </p>
    <p>
      auð-van
    </p>
    <p>
      auð-vandr
    </p>
    <p>
      auð-ván
    </p>
    <p>
      auð-velda
    </p>
    <p>
      auð-veldi
    </p>
    <p>
      auð-veldliga
    </p>
    <p>
      auð-veldligr
    </p>
    <p>
      auð-veldr
    </p>
    <p>
      auð-vinr
    </p>
    <p>
      auð-virðiligr
    </p>
    <p>
      auð-vitað
    </p>
    <p>
      auð-víst
    </p>
    <p>
      auð-þeystr
    </p>
    <p>
      auð-þrifligr
    </p>
    <p>
      auð-æfi
    </p>
    <p>
      aufi
    </p>
    <p>
      aufusa
    </p>
    <p>
      aufusu-gestr
    </p>
    <p>
      aufusu-orð
    </p>
    <p>
      au-fúss
    </p>
    <p>
      aufvisu-svipr
    </p>
    <p>
      aug-dapr
    </p>
    <p>
      aug-fagr
    </p>
    <p>
      aug-lit
    </p>
    <p>
      aug-ljós
    </p>
    <p>
      aug-ljóss
    </p>
    <p>
      aug-lýsa
    </p>
    <p>
      aug-sjándi
    </p>
    <p>
      aug-súrr
    </p>
    <p>
      aug-sýn
    </p>
    <p>
      aug-sýna
    </p>
    <p>
      aug-sýniligr
    </p>
    <p>
      auka-dagr
    </p>
    <p>
      auka-hlutr
    </p>
    <p>
      aukan
    </p>
    <p>
      auka-nafn
    </p>
    <p>
      auka-smíði
    </p>
    <p>
      auka-tungl
    </p>
    <p>
      auka-verk
    </p>
    <p>
      auka-vika
    </p>
    <p>
      auki
    </p>
    <p>
      auk-nafn
    </p>
    <p>
      auk-nefna
    </p>
    <p>
      auk-nefni
    </p>
    <p>
      aukning
    </p>
    <p>
      au-kvisi
    </p>
    <p>
      auli
    </p>
    <p>
      aum-hjartaðr
    </p>
    <p>
      aumindi
    </p>
    <p>
      aumingi
    </p>
    <p>
      aumka
    </p>
    <p>
      aumkan
    </p>
    <p>
      aumleikr
    </p>
    <p>
      aumligr
    </p>
    <p>
      aum-neglur
    </p>
    <p>
      aum-staddr
    </p>
    <p>
      aung-vit
    </p>
    <p>
      aur-borð
    </p>
    <p>
      aur-falr
    </p>
    <p>
      aur-gáti
    </p>
    <p>
      aurigr
    </p>
    <p>
      aur-konungr
    </p>
    <p>
      aurriða-bekkr
    </p>
    <p>
      aurriða-fiski
    </p>
    <p>
      aurriða-net
    </p>
    <p>
      aurriða-vatn
    </p>
    <p>
      aurriði
    </p>
    <p>
      aur-skór
    </p>
    <p>
      aur-skriða
    </p>
    <p>
      aurvandils-tá
    </p>
    <p>
      aur-vangr
    </p>
    <p>
      ausa
    </p>
    <p>
      aus-ker
    </p>
    <p>
      ausla-gjald
    </p>
    <p>
      ausli
    </p>
    <p>
      austan
    </p>
    <p>
      austan-ferð
    </p>
    <p>
      austan-fjarðar
    </p>
    <p>
      austan-gola
    </p>
    <p>
      austan-kváma
    </p>
    <p>
      austan-maðr
    </p>
    <p>
      austan-sjór
    </p>
    <p>
      austan-veðr
    </p>
    <p>
      austan-verðr
    </p>
    <p>
      austan-vindr
    </p>
    <p>
      austarliga
    </p>
    <p>
      austastr
    </p>
    <p>
      austfirðinga-búð
    </p>
    <p>
      austfirðinga-dómr
    </p>
    <p>
      austfirðinga-fjórðungr
    </p>
    <p>
      austfirðingr
    </p>
    <p>
      aust-firðir
    </p>
    <p>
      aust-firzkr
    </p>
    <p>
      aust-för
    </p>
    <p>
      aust-ker
    </p>
    <p>
      aust-kylfir
    </p>
    <p>
      aust-lægr
    </p>
    <p>
      aust-maðr
    </p>
    <p>
      aust-marr
    </p>
    <p>
      aust-mál
    </p>
    <p>
      aust-mörk
    </p>
    <p>
      austr
    </p>
    <p>
      austr-álfa
    </p>
    <p>
      austr-átt
    </p>
    <p>
      austr-biti
    </p>
    <p>
      austrfarar-knörr
    </p>
    <p>
      austrfarar-skip
    </p>
    <p>
      austr-ferð
    </p>
    <p>
      austr-hálfa
    </p>
    <p>
      austrhálfu-lýðr
    </p>
    <p>
      austrhálfu-þjóð
    </p>
    <p>
      austr-kendr
    </p>
    <p>
      austrligr
    </p>
    <p>
      austr-lönd
    </p>
    <p>
      austr-mál
    </p>
    <p>
      austr-oka
    </p>
    <p>
      austr-ríki
    </p>
    <p>
      austr-rúm
    </p>
    <p>
      austr-trog
    </p>
    <p>
      austr-vegr
    </p>
    <p>
      austrvegs-konungar
    </p>
    <p>
      austrvegs-maðr
    </p>
    <p>
      austr-ætt
    </p>
    <p>
      aust-rœna
    </p>
    <p>
      aust-rœnn
    </p>
    <p>
      aust-skota
    </p>
    <p>
      au-virð
    </p>
    <p>
      au-virðast
    </p>
    <p>
      au-virðliga
    </p>
    <p>
      au-virðligr
    </p>
    <p>
      auvirðs-maðr
    </p>
    <p>
      auvirðs-skapr
    </p>
    <p>
      auvisla-bót
    </p>
    <p>
      au-visli
    </p>
    <p>
      axar-
    </p>
    <p>
      ax-helma
    </p>
    <p>
      axið-kymli
    </p>
    <p>
      ax-korn
    </p>
    <p>
      axla
    </p>
    <p>
      axla-bönd
    </p>
    <p>
      axlar-
    </p>
    <p>
      axlar-bein
    </p>
    <p>
      axlar-byrðr
    </p>
    <p>
      axlar-liðr
    </p>
    <p>
      axl-byrðr
    </p>
    <p>
      axl-hár
    </p>
    <p>
      axl-limar
    </p>
    <p>
      axull
    </p>
    <p>
      ay
    </p>
  </main>,
  <footer />,
]
`;
