// Jest Snapshot v1, https://goo.gl/fbAQLP

exports[`Footer component Matches snapshot 1`] = `
<footer
  className="section"
>
  <div
    className="container"
  >
    <section
      className="section"
    >
      <h2>
        About
      </h2>
      <p>
        Based on Cleasby & Vigfusson Dictionary Old Norse dictionary.
      </p>
      <p>
        <em>
          Icelandic-English
        </em>
         dictionary was started by Richard Cleasby and finished by Gudbrand Vigfusson.
      </p>
      <p>
        It was published in 1874, which leads to there being many public domain versions of the book available.
      </p>
    </section>
    <section
      className="section"
    >
      <h3>
        Old Norse language
      </h3>
      <p>
        Old Norse was a North Germanic language that was spoken by inhabitants of Scandinavia and their overseas settlements from about the 7th to the 15th centuries.
      </p>
      <p>
        Also known as "the viking language", "Old Nordic", or "Old Scandinavian"
      </p>
    </section>
    <div
      className="navs"
    >
      <nav
        className="nav"
      >
        <h4
          className="navTitle"
        >
          Dictionary project
        </h4>
        <ul>
          <li>
            <a
              href="https://github.com/stscoundrel/cleasby-vigfusson-next"
              rel="noopener noreferrer"
              target="_blank"
            >
              Source code
            </a>
          </li>
          <li>
            <a
              href="https://github.com/stscoundrel/cleasby-vigfusson-dictionary"
              rel="noopener noreferrer"
              target="_blank"
            >
              Data source
            </a>
          </li>
        </ul>
      </nav>
      <nav
        className="nav"
      >
        <h4
          className="navTitle"
        >
          Related packages
        </h4>
        <ul>
          <li>
            <a
              href="https://github.com/stscoundrel/old-norse-alphabet"
              rel="noopener noreferrer"
              target="_blank"
            >
              Old Norse Alphabet
            </a>
          </li>
          <li>
            <a
              href="https://github.com/stscoundrel/old-norse-alphabet-sort"
              rel="noopener noreferrer"
              target="_blank"
            >
              Old Norse Alphabet Sort
            </a>
          </li>
          <li>
            <a
              href="https://github.com/stscoundrel/teljari"
              rel="noopener noreferrer"
              target="_blank"
            >
              Teljari
            </a>
          </li>
          <li>
            <a
              href="https://github.com/stscoundrel/spyrjari"
              rel="noopener noreferrer"
              target="_blank"
            >
              Spyrjari
            </a>
          </li>
        </ul>
      </nav>
      <nav
        className="nav"
      >
        <h4
          className="navTitle"
        >
          Quick links
        </h4>
        <ul
          className="navColumns"
        >
          <li
            className="navColumnItem"
          >
            <a
              className="link"
              href="/letter/a"
              onClick={[Function]}
              onMouseEnter={[Function]}
            >
              A
            </a>
          </li>
          <li
            className="navColumnItem"
          >
            <a
              className="link"
              href="/letter/b"
              onClick={[Function]}
              onMouseEnter={[Function]}
            >
              B
            </a>
          </li>
        </ul>
      </nav>
    </div>
    <small
      className="copyright"
    >
      Copyright © 2020
      <a
        href="https://github.com/stscoundrel"
        rel="noopener noreferrer"
        target="_blank"
      >
        Sampo Silvennoinen / StScoundrel
      </a>
    </small>
  </div>
</footer>
`;
