// Jest Snapshot v1, https://goo.gl/fbAQLP

exports[`Navigation component Matches snapshot 1`] = `
<nav>
  <ul>
    <li>
      <a
        href="/letter/a"
        onClick={[Function]}
        onMouseEnter={[Function]}
      >
        a
      </a>
    </li>
    <li>
      <a
        href="/letter/%C3%A1"
        onClick={[Function]}
        onMouseEnter={[Function]}
      >
        á
      </a>
    </li>
    <li>
      <a
        href="/letter/b"
        onClick={[Function]}
        onMouseEnter={[Function]}
      >
        b
      </a>
    </li>
    <li>
      <a
        href="/letter/d"
        onClick={[Function]}
        onMouseEnter={[Function]}
      >
        d
      </a>
    </li>
    <li>
      <a
        href="/letter/e"
        onClick={[Function]}
        onMouseEnter={[Function]}
      >
        e
      </a>
    </li>
    <li>
      <a
        href="/letter/%C3%A9"
        onClick={[Function]}
        onMouseEnter={[Function]}
      >
        é
      </a>
    </li>
    <li>
      <a
        href="/letter/f"
        onClick={[Function]}
        onMouseEnter={[Function]}
      >
        f
      </a>
    </li>
    <li>
      <a
        href="/letter/g"
        onClick={[Function]}
        onMouseEnter={[Function]}
      >
        g
      </a>
    </li>
    <li>
      <a
        href="/letter/h"
        onClick={[Function]}
        onMouseEnter={[Function]}
      >
        h
      </a>
    </li>
    <li>
      <a
        href="/letter/i"
        onClick={[Function]}
        onMouseEnter={[Function]}
      >
        i
      </a>
    </li>
    <li>
      <a
        href="/letter/%C3%AD"
        onClick={[Function]}
        onMouseEnter={[Function]}
      >
        í
      </a>
    </li>
    <li>
      <a
        href="/letter/j"
        onClick={[Function]}
        onMouseEnter={[Function]}
      >
        j
      </a>
    </li>
    <li>
      <a
        href="/letter/k"
        onClick={[Function]}
        onMouseEnter={[Function]}
      >
        k
      </a>
    </li>
    <li>
      <a
        href="/letter/l"
        onClick={[Function]}
        onMouseEnter={[Function]}
      >
        l
      </a>
    </li>
    <li>
      <a
        href="/letter/m"
        onClick={[Function]}
        onMouseEnter={[Function]}
      >
        m
      </a>
    </li>
    <li>
      <a
        href="/letter/n"
        onClick={[Function]}
        onMouseEnter={[Function]}
      >
        n
      </a>
    </li>
    <li>
      <a
        href="/letter/o"
        onClick={[Function]}
        onMouseEnter={[Function]}
      >
        o
      </a>
    </li>
    <li>
      <a
        href="/letter/%C3%B3"
        onClick={[Function]}
        onMouseEnter={[Function]}
      >
        ó
      </a>
    </li>
    <li>
      <a
        href="/letter/p"
        onClick={[Function]}
        onMouseEnter={[Function]}
      >
        p
      </a>
    </li>
    <li>
      <a
        href="/letter/r"
        onClick={[Function]}
        onMouseEnter={[Function]}
      >
        r
      </a>
    </li>
    <li>
      <a
        href="/letter/s"
        onClick={[Function]}
        onMouseEnter={[Function]}
      >
        s
      </a>
    </li>
    <li>
      <a
        href="/letter/t"
        onClick={[Function]}
        onMouseEnter={[Function]}
      >
        t
      </a>
    </li>
    <li>
      <a
        href="/letter/u"
        onClick={[Function]}
        onMouseEnter={[Function]}
      >
        u
      </a>
    </li>
    <li>
      <a
        href="/letter/%C3%BA"
        onClick={[Function]}
        onMouseEnter={[Function]}
      >
        ú
      </a>
    </li>
    <li>
      <a
        href="/letter/v"
        onClick={[Function]}
        onMouseEnter={[Function]}
      >
        v
      </a>
    </li>
    <li>
      <a
        href="/letter/w"
        onClick={[Function]}
        onMouseEnter={[Function]}
      >
        w
      </a>
    </li>
    <li>
      <a
        href="/letter/y"
        onClick={[Function]}
        onMouseEnter={[Function]}
      >
        y
      </a>
    </li>
    <li>
      <a
        href="/letter/%C3%BD"
        onClick={[Function]}
        onMouseEnter={[Function]}
      >
        ý
      </a>
    </li>
    <li>
      <a
        href="/letter/%C3%BE"
        onClick={[Function]}
        onMouseEnter={[Function]}
      >
        þ
      </a>
    </li>
    <li>
      <a
        href="/letter/%C3%A6"
        onClick={[Function]}
        onMouseEnter={[Function]}
      >
        æ
      </a>
    </li>
    <li>
      <a
        href="/letter/%C7%AB"
        onClick={[Function]}
        onMouseEnter={[Function]}
      >
        ǫ
      </a>
    </li>
    <li>
      <a
        href="/letter/%C3%B8"
        onClick={[Function]}
        onMouseEnter={[Function]}
      >
        ø
      </a>
    </li>
    <li>
      <a
        href="/letter/%C5%93"
        onClick={[Function]}
        onMouseEnter={[Function]}
      >
        œ
      </a>
    </li>
  </ul>
</nav>
`;
